'aws: golang':
  1: |
    apiVersion: v1
    kind: ServiceAccount
    metadata:
      labels:
        app: metrics
        appVersion: 0.1.0
        chart: groundx-0.1.0
        heritage: Helm
        version: 0.1.0
      name: existing-service-account
      namespace: eyelevel
  2: |
    apiVersion: rbac.authorization.k8s.io/v1
    kind: Role
    metadata:
      labels:
        app: metrics
        appVersion: 0.1.0
        chart: groundx-0.1.0
        heritage: Helm
        version: 0.1.0
      name: metrics-reader
      namespace: eyelevel
    rules:
      - apiGroups:
          - apps
        resources:
          - deployments
        verbs:
          - get
          - list
          - watch
      - apiGroups:
          - ""
        resources:
          - pods
        verbs:
          - get
          - list
          - watch
  3: |
    apiVersion: rbac.authorization.k8s.io/v1
    kind: RoleBinding
    metadata:
      labels:
        app: metrics
        appVersion: 0.1.0
        chart: groundx-0.1.0
        heritage: Helm
        version: 0.1.0
      name: metrics-reader
      namespace: eyelevel
    roleRef:
      apiGroup: rbac.authorization.k8s.io
      kind: Role
      name: metrics-reader
    subjects:
      - kind: ServiceAccount
        name: existing-service-account
        namespace: eyelevel
  4: |
    apiVersion: apps/v1
    kind: Deployment
    metadata:
      labels:
        app: metrics
        appVersion: 0.1.0
        chart: groundx-0.1.0
        heritage: Helm
        version: 0.1.0
      name: metrics
      namespace: eyelevel
    spec:
      replicas: 1
      selector:
        matchLabels:
          app: metrics
      template:
        metadata:
          annotations:
            config-hash: b50458e9f055c2aa9923f1b151cb984f82592ecbecedd3d0f4934f39950de13b
          labels:
            app: metrics
        spec:
          affinity:
            nodeAffinity:
              requiredDuringSchedulingIgnoredDuringExecution:
                nodeSelectorTerms:
                  - matchExpressions:
                      - key: node
                        operator: In
                        values:
                          - eyelevel-cpu-only
                  - matchExpressions:
                      - key: eyelevel_node
                        operator: In
                        values:
                          - eyelevel-cpu-only
          containers:
            - env:
                - name: POD_NAMESPACE
                  valueFrom:
                    fieldRef:
                      fieldPath: metadata.namespace
                - name: TLS_CERT_FILE
                  value: /etc/ssl/tls/tls.crt
                - name: TLS_KEY_FILE
                  value: /etc/ssl/tls/tls.key
                - name: TLS_CA_FILE
                  value: /etc/ssl/tls/ca.crt
                - name: LISTEN_PORT
                  value: "8443"
              image: public.ecr.aws/c9r4x6y5/eyelevel/metrics:0.1.0
              imagePullPolicy: IfNotPresent
              livenessProbe:
                httpGet:
                  path: /health
                  port: 8443
                  scheme: HTTPS
                initialDelaySeconds: 30
                periodSeconds: 30
              name: metrics
              ports:
                - containerPort: 8443
                  protocol: TCP
              readinessProbe:
                httpGet:
                  path: /health
                  port: 8443
                  scheme: HTTPS
                initialDelaySeconds: 10
                periodSeconds: 30
              resources:
                requests:
                  cpu: 50m
                  memory: 64Mi
              securityContext:
                allowPrivilegeEscalation: false
                capabilities:
                  drop:
                    - ALL
                runAsGroup: 1001
                runAsNonRoot: true
                runAsUser: 1001
                seccompProfile:
                  type: RuntimeDefault
              volumeMounts:
                - mountPath: /home/golang/.cashbot/config.yaml
                  name: config-volume
                  subPath: config.yaml
                - mountPath: /etc/ssl/tls
                  name: tls-volume
                  readOnly: true
          initContainers:
            - command:
                - sh
                - -c
                - until nc -z X.X.X.use2.cache.amazonaws.com 6379; do echo waiting for cache; sleep 2; done
              image: public.ecr.aws/c9r4x6y5/eyelevel/busybox:1.0.0
              imagePullPolicy: IfNotPresent
              name: wait-for-cache
            - command:
                - sh
                - -c
                - until nc -z X.X.us-east-2.rds.amazonaws.com 3306; do echo waiting for database; sleep 2; done
              image: public.ecr.aws/c9r4x6y5/eyelevel/busybox:1.0.0
              imagePullPolicy: IfNotPresent
              name: wait-for-database
          securityContext:
            fsGroup: 1001
            fsGroupChangePolicy: OnRootMismatch
            runAsGroup: 1001
            runAsNonRoot: true
            runAsUser: 1001
            seccompProfile:
              type: RuntimeDefault
          serviceAccountName: existing-service-account
          tolerations:
            - effect: NoSchedule
              key: node
              value: eyelevel-cpu-only
            - effect: NoSchedule
              key: eyelevel_node
              value: eyelevel-cpu-only
          volumes:
            - configMap:
                name: config-yaml-map
              name: config-volume
            - name: tls-volume
              secret:
                secretName: metrics-tls
  5: |
    apiVersion: v1
    data: null
    kind: Secret
    metadata:
      labels:
        app: metrics
        appVersion: 0.1.0
        chart: groundx-0.1.0
        heritage: Helm
        version: 0.1.0
      name: metrics-tls
      namespace: eyelevel
    type: kubernetes.io/tls
  6: |
    apiVersion: apiregistration.k8s.io/v1
    kind: APIService
    metadata:
      labels:
        app: metrics
        appVersion: 0.1.0
        chart: groundx-0.1.0
        heritage: Helm
        version: 0.1.0
      name: v1beta1.external.metrics.k8s.io
    spec:
      group: external.metrics.k8s.io
      groupPriorityMinimum: 100
      insecureSkipTLSVerify: true
      service:
        name: metrics
        namespace: eyelevel
        port: 443
      version: v1beta1
      versionPriority: 100
  7: |
    apiVersion: v1
    kind: Service
    metadata:
      labels:
        app: metrics
      name: metrics
      namespace: eyelevel
    spec:
      ports:
        - port: 443
          protocol: TCP
          targetPort: 8443
      selector:
        app: metrics
      type: ClusterIP
'cloud: golang':
  1: |
    apiVersion: v1
    kind: ServiceAccount
    metadata:
      labels:
        app: metrics
        appVersion: 0.1.0
        chart: groundx-0.1.0
        heritage: Helm
        version: 0.1.0
      name: metrics
      namespace: eyelevel
  2: |
    apiVersion: rbac.authorization.k8s.io/v1
    kind: Role
    metadata:
      labels:
        app: metrics
        appVersion: 0.1.0
        chart: groundx-0.1.0
        heritage: Helm
        version: 0.1.0
      name: metrics-reader
      namespace: eyelevel
    rules:
      - apiGroups:
          - apps
        resources:
          - deployments
        verbs:
          - get
          - list
          - watch
      - apiGroups:
          - ""
        resources:
          - pods
        verbs:
          - get
          - list
          - watch
  3: |
    apiVersion: rbac.authorization.k8s.io/v1
    kind: RoleBinding
    metadata:
      labels:
        app: metrics
        appVersion: 0.1.0
        chart: groundx-0.1.0
        heritage: Helm
        version: 0.1.0
      name: metrics-reader
      namespace: eyelevel
    roleRef:
      apiGroup: rbac.authorization.k8s.io
      kind: Role
      name: metrics-reader
    subjects:
      - kind: ServiceAccount
        name: metrics
        namespace: eyelevel
  4: |
    apiVersion: apps/v1
    kind: Deployment
    metadata:
      labels:
        app: metrics
        appVersion: 0.1.0
        chart: groundx-0.1.0
        heritage: Helm
        version: 0.1.0
      name: metrics
      namespace: eyelevel
    spec:
      replicas: 1
      selector:
        matchLabels:
          app: metrics
      template:
        metadata:
          annotations:
            config-hash: 0ef49ceaf65c6099f9e969c65c7dca4f799cd0520f010da292aabb7da713e11f
          labels:
            app: metrics
        spec:
          affinity:
            nodeAffinity:
              requiredDuringSchedulingIgnoredDuringExecution:
                nodeSelectorTerms:
                  - matchExpressions:
                      - key: node
                        operator: In
                        values:
                          - eyelevel-cpu-only
                  - matchExpressions:
                      - key: eyelevel_node
                        operator: In
                        values:
                          - eyelevel-cpu-only
          containers:
            - env:
                - name: POD_NAMESPACE
                  valueFrom:
                    fieldRef:
                      fieldPath: metadata.namespace
                - name: TLS_CERT_FILE
                  value: /etc/ssl/tls/tls.crt
                - name: TLS_KEY_FILE
                  value: /etc/ssl/tls/tls.key
                - name: TLS_CA_FILE
                  value: /etc/ssl/tls/ca.crt
                - name: LISTEN_PORT
                  value: "8443"
              image: public.ecr.aws/c9r4x6y5/eyelevel/metrics:0.1.0
              imagePullPolicy: IfNotPresent
              livenessProbe:
                httpGet:
                  path: /health
                  port: 8443
                  scheme: HTTPS
                initialDelaySeconds: 30
                periodSeconds: 30
              name: metrics
              ports:
                - containerPort: 8443
                  protocol: TCP
              readinessProbe:
                httpGet:
                  path: /health
                  port: 8443
                  scheme: HTTPS
                initialDelaySeconds: 10
                periodSeconds: 30
              resources:
                requests:
                  cpu: 50m
                  memory: 64Mi
              securityContext:
                allowPrivilegeEscalation: false
                capabilities:
                  drop:
                    - ALL
                runAsGroup: 1001
                runAsNonRoot: true
                runAsUser: 1001
                seccompProfile:
                  type: RuntimeDefault
              volumeMounts:
                - mountPath: /home/golang/.cashbot/config.yaml
                  name: config-volume
                  subPath: config.yaml
                - mountPath: /etc/ssl/tls
                  name: tls-volume
                  readOnly: true
          initContainers:
            - command:
                - sh
                - -c
                - until nc -z cache.eyelevel.svc.cluster.local 6379; do echo waiting for cache; sleep 2; done
              image: public.ecr.aws/c9r4x6y5/eyelevel/busybox:1.0.0
              imagePullPolicy: IfNotPresent
              name: wait-for-cache
            - command:
                - sh
                - -c
                - until nc -z db-cluster-haproxy-replicas.eyelevel.svc.cluster.local 3306; do echo waiting for database; sleep 2; done
              image: public.ecr.aws/c9r4x6y5/eyelevel/busybox:1.0.0
              imagePullPolicy: IfNotPresent
              name: wait-for-database
          securityContext:
            fsGroup: 1001
            fsGroupChangePolicy: OnRootMismatch
            runAsGroup: 1001
            runAsNonRoot: true
            runAsUser: 1001
            seccompProfile:
              type: RuntimeDefault
          serviceAccountName: metrics
          tolerations:
            - effect: NoSchedule
              key: node
              value: eyelevel-cpu-only
            - effect: NoSchedule
              key: eyelevel_node
              value: eyelevel-cpu-only
          volumes:
            - configMap:
                name: config-yaml-map
              name: config-volume
            - name: tls-volume
              secret:
                secretName: metrics-tls
  5: |
    apiVersion: v1
    data: null
    kind: Secret
    metadata:
      labels:
        app: metrics
        appVersion: 0.1.0
        chart: groundx-0.1.0
        heritage: Helm
        version: 0.1.0
      name: metrics-tls
      namespace: eyelevel
    type: kubernetes.io/tls
  6: |
    apiVersion: apiregistration.k8s.io/v1
    kind: APIService
    metadata:
      labels:
        app: metrics
        appVersion: 0.1.0
        chart: groundx-0.1.0
        heritage: Helm
        version: 0.1.0
      name: v1beta1.external.metrics.k8s.io
    spec:
      group: external.metrics.k8s.io
      groupPriorityMinimum: 100
      insecureSkipTLSVerify: true
      service:
        name: metrics
        namespace: eyelevel
        port: 443
      version: v1beta1
      versionPriority: 100
  7: |
    apiVersion: v1
    kind: Service
    metadata:
      labels:
        app: metrics
      name: metrics
      namespace: eyelevel
    spec:
      ports:
        - port: 443
          protocol: TCP
          targetPort: 8443
      selector:
        app: metrics
      type: ClusterIP
'default: golang':
  1: |
    apiVersion: v1
    kind: ServiceAccount
    metadata:
      labels:
        app: metrics
        appVersion: 0.1.0
        chart: groundx-0.1.0
        heritage: Helm
        version: 0.1.0
      name: metrics
      namespace: eyelevel
  2: |
    apiVersion: rbac.authorization.k8s.io/v1
    kind: Role
    metadata:
      labels:
        app: metrics
        appVersion: 0.1.0
        chart: groundx-0.1.0
        heritage: Helm
        version: 0.1.0
      name: metrics-reader
      namespace: eyelevel
    rules:
      - apiGroups:
          - apps
        resources:
          - deployments
        verbs:
          - get
          - list
          - watch
      - apiGroups:
          - ""
        resources:
          - pods
        verbs:
          - get
          - list
          - watch
  3: |
    apiVersion: rbac.authorization.k8s.io/v1
    kind: RoleBinding
    metadata:
      labels:
        app: metrics
        appVersion: 0.1.0
        chart: groundx-0.1.0
        heritage: Helm
        version: 0.1.0
      name: metrics-reader
      namespace: eyelevel
    roleRef:
      apiGroup: rbac.authorization.k8s.io
      kind: Role
      name: metrics-reader
    subjects:
      - kind: ServiceAccount
        name: metrics
        namespace: eyelevel
  4: |
    apiVersion: apps/v1
    kind: Deployment
    metadata:
      labels:
        app: metrics
        appVersion: 0.1.0
        chart: groundx-0.1.0
        heritage: Helm
        version: 0.1.0
      name: metrics
      namespace: eyelevel
    spec:
      replicas: 1
      selector:
        matchLabels:
          app: metrics
      template:
        metadata:
          annotations:
            config-hash: 2bef6ad1b90b9ded890de3e313c724ff34961f5193fd4ced2f6ee791829f22a6
          labels:
            app: metrics
        spec:
          affinity:
            nodeAffinity:
              requiredDuringSchedulingIgnoredDuringExecution:
                nodeSelectorTerms:
                  - matchExpressions:
                      - key: node
                        operator: In
                        values:
                          - eyelevel-cpu-only
                  - matchExpressions:
                      - key: eyelevel_node
                        operator: In
                        values:
                          - eyelevel-cpu-only
          containers:
            - env:
                - name: POD_NAMESPACE
                  valueFrom:
                    fieldRef:
                      fieldPath: metadata.namespace
                - name: TLS_CERT_FILE
                  value: /etc/ssl/tls/tls.crt
                - name: TLS_KEY_FILE
                  value: /etc/ssl/tls/tls.key
                - name: TLS_CA_FILE
                  value: /etc/ssl/tls/ca.crt
                - name: LISTEN_PORT
                  value: "8443"
              image: public.ecr.aws/c9r4x6y5/eyelevel/metrics:0.1.0
              imagePullPolicy: IfNotPresent
              livenessProbe:
                httpGet:
                  path: /health
                  port: 8443
                  scheme: HTTPS
                initialDelaySeconds: 30
                periodSeconds: 30
              name: metrics
              ports:
                - containerPort: 8443
                  protocol: TCP
              readinessProbe:
                httpGet:
                  path: /health
                  port: 8443
                  scheme: HTTPS
                initialDelaySeconds: 10
                periodSeconds: 30
              resources:
                requests:
                  cpu: 50m
                  memory: 64Mi
              securityContext:
                allowPrivilegeEscalation: false
                capabilities:
                  drop:
                    - ALL
                runAsGroup: 1001
                runAsNonRoot: true
                runAsUser: 1001
                seccompProfile:
                  type: RuntimeDefault
              volumeMounts:
                - mountPath: /home/golang/.cashbot/config.yaml
                  name: config-volume
                  subPath: config.yaml
                - mountPath: /etc/ssl/tls
                  name: tls-volume
                  readOnly: true
          initContainers:
            - command:
                - sh
                - -c
                - until nc -z cache.eyelevel.svc.cluster.local 6379; do echo waiting for cache; sleep 2; done
              image: public.ecr.aws/c9r4x6y5/eyelevel/busybox:1.0.0
              imagePullPolicy: IfNotPresent
              name: wait-for-cache
            - command:
                - sh
                - -c
                - until nc -z db-cluster-haproxy-replicas.eyelevel.svc.cluster.local 3306; do echo waiting for database; sleep 2; done
              image: public.ecr.aws/c9r4x6y5/eyelevel/busybox:1.0.0
              imagePullPolicy: IfNotPresent
              name: wait-for-database
          securityContext:
            fsGroup: 1001
            fsGroupChangePolicy: OnRootMismatch
            runAsGroup: 1001
            runAsNonRoot: true
            runAsUser: 1001
            seccompProfile:
              type: RuntimeDefault
          serviceAccountName: metrics
          tolerations:
            - effect: NoSchedule
              key: node
              value: eyelevel-cpu-only
            - effect: NoSchedule
              key: eyelevel_node
              value: eyelevel-cpu-only
          volumes:
            - configMap:
                name: config-yaml-map
              name: config-volume
            - name: tls-volume
              secret:
                secretName: metrics-tls
  5: |
    apiVersion: v1
    data: null
    kind: Secret
    metadata:
      labels:
        app: metrics
        appVersion: 0.1.0
        chart: groundx-0.1.0
        heritage: Helm
        version: 0.1.0
      name: metrics-tls
      namespace: eyelevel
    type: kubernetes.io/tls
  6: |
    apiVersion: apiregistration.k8s.io/v1
    kind: APIService
    metadata:
      labels:
        app: metrics
        appVersion: 0.1.0
        chart: groundx-0.1.0
        heritage: Helm
        version: 0.1.0
      name: v1beta1.external.metrics.k8s.io
    spec:
      group: external.metrics.k8s.io
      groupPriorityMinimum: 100
      insecureSkipTLSVerify: true
      service:
        name: metrics
        namespace: eyelevel
        port: 443
      version: v1beta1
      versionPriority: 100
  7: |
    apiVersion: v1
    kind: Service
    metadata:
      labels:
        app: metrics
      name: metrics
      namespace: eyelevel
    spec:
      ports:
        - port: 443
          protocol: TCP
          targetPort: 8443
      selector:
        app: metrics
      type: ClusterIP
'disabled: golang':
  1: |
    apiVersion: v1
    kind: ServiceAccount
    metadata:
      labels:
        app: metrics
        appVersion: 0.1.0
        chart: groundx-0.1.0
        heritage: Helm
        version: 0.1.0
      name: metrics
      namespace: eyelevel
  2: |
    apiVersion: rbac.authorization.k8s.io/v1
    kind: Role
    metadata:
      labels:
        app: metrics
        appVersion: 0.1.0
        chart: groundx-0.1.0
        heritage: Helm
        version: 0.1.0
      name: metrics-reader
      namespace: eyelevel
    rules:
      - apiGroups:
          - apps
        resources:
          - deployments
        verbs:
          - get
          - list
          - watch
      - apiGroups:
          - ""
        resources:
          - pods
        verbs:
          - get
          - list
          - watch
  3: |
    apiVersion: rbac.authorization.k8s.io/v1
    kind: RoleBinding
    metadata:
      labels:
        app: metrics
        appVersion: 0.1.0
        chart: groundx-0.1.0
        heritage: Helm
        version: 0.1.0
      name: metrics-reader
      namespace: eyelevel
    roleRef:
      apiGroup: rbac.authorization.k8s.io
      kind: Role
      name: metrics-reader
    subjects:
      - kind: ServiceAccount
        name: metrics
        namespace: eyelevel
  4: |
    apiVersion: apps/v1
    kind: Deployment
    metadata:
      labels:
        app: metrics
        appVersion: 0.1.0
        chart: groundx-0.1.0
        heritage: Helm
        version: 0.1.0
      name: metrics
      namespace: eyelevel
    spec:
      replicas: 1
      selector:
        matchLabels:
          app: metrics
      template:
        metadata:
          annotations:
            config-hash: 01ba4719c80b6fe911b091a7c05124b64eeece964e09c058ef8f9805daca546b
          labels:
            app: metrics
        spec:
          affinity:
            nodeAffinity:
              requiredDuringSchedulingIgnoredDuringExecution:
                nodeSelectorTerms:
                  - matchExpressions:
                      - key: node
                        operator: In
                        values:
                          - eyelevel-cpu-only
                  - matchExpressions:
                      - key: eyelevel_node
                        operator: In
                        values:
                          - eyelevel-cpu-only
          containers:
            - env:
                - name: POD_NAMESPACE
                  valueFrom:
                    fieldRef:
                      fieldPath: metadata.namespace
                - name: TLS_CERT_FILE
                  value: /etc/ssl/tls/tls.crt
                - name: TLS_KEY_FILE
                  value: /etc/ssl/tls/tls.key
                - name: TLS_CA_FILE
                  value: /etc/ssl/tls/ca.crt
                - name: LISTEN_PORT
                  value: "8443"
              image: public.ecr.aws/c9r4x6y5/eyelevel/metrics:0.1.0
              imagePullPolicy: IfNotPresent
              livenessProbe:
                httpGet:
                  path: /health
                  port: 8443
                  scheme: HTTPS
                initialDelaySeconds: 30
                periodSeconds: 30
              name: metrics
              ports:
                - containerPort: 8443
                  protocol: TCP
              readinessProbe:
                httpGet:
                  path: /health
                  port: 8443
                  scheme: HTTPS
                initialDelaySeconds: 10
                periodSeconds: 30
              resources:
                requests:
                  cpu: 50m
                  memory: 64Mi
              securityContext:
                allowPrivilegeEscalation: false
                capabilities:
                  drop:
                    - ALL
                runAsGroup: 1001
                runAsNonRoot: true
                runAsUser: 1001
                seccompProfile:
                  type: RuntimeDefault
              volumeMounts:
                - mountPath: /home/golang/.cashbot/config.yaml
                  name: config-volume
                  subPath: config.yaml
                - mountPath: /etc/ssl/tls
                  name: tls-volume
                  readOnly: true
          initContainers:
            - command:
                - sh
                - -c
                - until nc -z cache.eyelevel.svc.cluster.local 6379; do echo waiting for cache; sleep 2; done
              image: public.ecr.aws/c9r4x6y5/eyelevel/busybox:1.0.0
              imagePullPolicy: IfNotPresent
              name: wait-for-cache
            - command:
                - sh
                - -c
                - until nc -z db-cluster-haproxy-replicas.eyelevel.svc.cluster.local 3306; do echo waiting for database; sleep 2; done
              image: public.ecr.aws/c9r4x6y5/eyelevel/busybox:1.0.0
              imagePullPolicy: IfNotPresent
              name: wait-for-database
          securityContext:
            fsGroup: 1001
            fsGroupChangePolicy: OnRootMismatch
            runAsGroup: 1001
            runAsNonRoot: true
            runAsUser: 1001
            seccompProfile:
              type: RuntimeDefault
          serviceAccountName: metrics
          tolerations:
            - effect: NoSchedule
              key: node
              value: eyelevel-cpu-only
            - effect: NoSchedule
              key: eyelevel_node
              value: eyelevel-cpu-only
          volumes:
            - configMap:
                name: config-yaml-map
              name: config-volume
            - name: tls-volume
              secret:
                secretName: metrics-tls
  5: |
    apiVersion: v1
    data: null
    kind: Secret
    metadata:
      labels:
        app: metrics
        appVersion: 0.1.0
        chart: groundx-0.1.0
        heritage: Helm
        version: 0.1.0
      name: metrics-tls
      namespace: eyelevel
    type: kubernetes.io/tls
  6: |
    apiVersion: apiregistration.k8s.io/v1
    kind: APIService
    metadata:
      labels:
        app: metrics
        appVersion: 0.1.0
        chart: groundx-0.1.0
        heritage: Helm
        version: 0.1.0
      name: v1beta1.external.metrics.k8s.io
    spec:
      group: external.metrics.k8s.io
      groupPriorityMinimum: 100
      insecureSkipTLSVerify: true
      service:
        name: metrics
        namespace: eyelevel
        port: 443
      version: v1beta1
      versionPriority: 100
  7: |
    apiVersion: v1
    kind: Service
    metadata:
      labels:
        app: metrics
      name: metrics
      namespace: eyelevel
    spec:
      ports:
        - port: 443
          protocol: TCP
          targetPort: 8443
      selector:
        app: metrics
      type: ClusterIP
'empty: golang':
  1: |
    apiVersion: v1
    kind: ServiceAccount
    metadata:
      labels:
        app: metrics
        appVersion: 0.1.0
        chart: groundx-0.1.0
        heritage: Helm
        version: 0.1.0
      name: metrics
      namespace: eyelevel
  2: |
    apiVersion: rbac.authorization.k8s.io/v1
    kind: Role
    metadata:
      labels:
        app: metrics
        appVersion: 0.1.0
        chart: groundx-0.1.0
        heritage: Helm
        version: 0.1.0
      name: metrics-reader
      namespace: eyelevel
    rules:
      - apiGroups:
          - apps
        resources:
          - deployments
        verbs:
          - get
          - list
          - watch
      - apiGroups:
          - ""
        resources:
          - pods
        verbs:
          - get
          - list
          - watch
  3: |
    apiVersion: rbac.authorization.k8s.io/v1
    kind: RoleBinding
    metadata:
      labels:
        app: metrics
        appVersion: 0.1.0
        chart: groundx-0.1.0
        heritage: Helm
        version: 0.1.0
      name: metrics-reader
      namespace: eyelevel
    roleRef:
      apiGroup: rbac.authorization.k8s.io
      kind: Role
      name: metrics-reader
    subjects:
      - kind: ServiceAccount
        name: metrics
        namespace: eyelevel
  4: |
    apiVersion: apps/v1
    kind: Deployment
    metadata:
      labels:
        app: metrics
        appVersion: 0.1.0
        chart: groundx-0.1.0
        heritage: Helm
        version: 0.1.0
      name: metrics
      namespace: eyelevel
    spec:
      replicas: 1
      selector:
        matchLabels:
          app: metrics
      template:
        metadata:
          annotations:
            config-hash: 2bef6ad1b90b9ded890de3e313c724ff34961f5193fd4ced2f6ee791829f22a6
          labels:
            app: metrics
        spec:
          affinity:
            nodeAffinity:
              requiredDuringSchedulingIgnoredDuringExecution:
                nodeSelectorTerms:
                  - matchExpressions:
                      - key: node
                        operator: In
                        values:
                          - eyelevel-cpu-only
                  - matchExpressions:
                      - key: eyelevel_node
                        operator: In
                        values:
                          - eyelevel-cpu-only
          containers:
            - env:
                - name: POD_NAMESPACE
                  valueFrom:
                    fieldRef:
                      fieldPath: metadata.namespace
                - name: TLS_CERT_FILE
                  value: /etc/ssl/tls/tls.crt
                - name: TLS_KEY_FILE
                  value: /etc/ssl/tls/tls.key
                - name: TLS_CA_FILE
                  value: /etc/ssl/tls/ca.crt
                - name: LISTEN_PORT
                  value: "8443"
              image: public.ecr.aws/c9r4x6y5/eyelevel/metrics:0.1.0
              imagePullPolicy: IfNotPresent
              livenessProbe:
                httpGet:
                  path: /health
                  port: 8443
                  scheme: HTTPS
                initialDelaySeconds: 30
                periodSeconds: 30
              name: metrics
              ports:
                - containerPort: 8443
                  protocol: TCP
              readinessProbe:
                httpGet:
                  path: /health
                  port: 8443
                  scheme: HTTPS
                initialDelaySeconds: 10
                periodSeconds: 30
              resources:
                requests:
                  cpu: 50m
                  memory: 64Mi
              securityContext:
                allowPrivilegeEscalation: false
                capabilities:
                  drop:
                    - ALL
                runAsGroup: 1001
                runAsNonRoot: true
                runAsUser: 1001
                seccompProfile:
                  type: RuntimeDefault
              volumeMounts:
                - mountPath: /home/golang/.cashbot/config.yaml
                  name: config-volume
                  subPath: config.yaml
                - mountPath: /etc/ssl/tls
                  name: tls-volume
                  readOnly: true
          initContainers:
            - command:
                - sh
                - -c
                - until nc -z cache.eyelevel.svc.cluster.local 6379; do echo waiting for cache; sleep 2; done
              image: public.ecr.aws/c9r4x6y5/eyelevel/busybox:1.0.0
              imagePullPolicy: IfNotPresent
              name: wait-for-cache
            - command:
                - sh
                - -c
                - until nc -z db-cluster-haproxy-replicas.eyelevel.svc.cluster.local 3306; do echo waiting for database; sleep 2; done
              image: public.ecr.aws/c9r4x6y5/eyelevel/busybox:1.0.0
              imagePullPolicy: IfNotPresent
              name: wait-for-database
          securityContext:
            fsGroup: 1001
            fsGroupChangePolicy: OnRootMismatch
            runAsGroup: 1001
            runAsNonRoot: true
            runAsUser: 1001
            seccompProfile:
              type: RuntimeDefault
          serviceAccountName: metrics
          tolerations:
            - effect: NoSchedule
              key: node
              value: eyelevel-cpu-only
            - effect: NoSchedule
              key: eyelevel_node
              value: eyelevel-cpu-only
          volumes:
            - configMap:
                name: config-yaml-map
              name: config-volume
            - name: tls-volume
              secret:
                secretName: metrics-tls
  5: |
    apiVersion: v1
    data: null
    kind: Secret
    metadata:
      labels:
        app: metrics
        appVersion: 0.1.0
        chart: groundx-0.1.0
        heritage: Helm
        version: 0.1.0
      name: metrics-tls
      namespace: eyelevel
    type: kubernetes.io/tls
  6: |
    apiVersion: apiregistration.k8s.io/v1
    kind: APIService
    metadata:
      labels:
        app: metrics
        appVersion: 0.1.0
        chart: groundx-0.1.0
        heritage: Helm
        version: 0.1.0
      name: v1beta1.external.metrics.k8s.io
    spec:
      group: external.metrics.k8s.io
      groupPriorityMinimum: 100
      insecureSkipTLSVerify: true
      service:
        name: metrics
        namespace: eyelevel
        port: 443
      version: v1beta1
      versionPriority: 100
  7: |
    apiVersion: v1
    kind: Service
    metadata:
      labels:
        app: metrics
      name: metrics
      namespace: eyelevel
    spec:
      ports:
        - port: 443
          protocol: TCP
          targetPort: 8443
      selector:
        app: metrics
      type: ClusterIP
'existing: golang':
  1: |
    apiVersion: v1
    kind: ServiceAccount
    metadata:
      labels:
        app: metrics
        appVersion: 0.1.0
        chart: groundx-0.1.0
        heritage: Helm
        version: 0.1.0
      name: metrics
      namespace: eyelevel
  2: |
    apiVersion: rbac.authorization.k8s.io/v1
    kind: Role
    metadata:
      labels:
        app: metrics
        appVersion: 0.1.0
        chart: groundx-0.1.0
        heritage: Helm
        version: 0.1.0
      name: metrics-reader
      namespace: eyelevel
    rules:
      - apiGroups:
          - apps
        resources:
          - deployments
        verbs:
          - get
          - list
          - watch
      - apiGroups:
          - ""
        resources:
          - pods
        verbs:
          - get
          - list
          - watch
  3: |
    apiVersion: rbac.authorization.k8s.io/v1
    kind: RoleBinding
    metadata:
      labels:
        app: metrics
        appVersion: 0.1.0
        chart: groundx-0.1.0
        heritage: Helm
        version: 0.1.0
      name: metrics-reader
      namespace: eyelevel
    roleRef:
      apiGroup: rbac.authorization.k8s.io
      kind: Role
      name: metrics-reader
    subjects:
      - kind: ServiceAccount
        name: metrics
        namespace: eyelevel
  4: |
    apiVersion: apps/v1
    kind: Deployment
    metadata:
      labels:
        app: metrics
        appVersion: 0.1.0
        chart: groundx-0.1.0
        heritage: Helm
        version: 0.1.0
      name: metrics
      namespace: eyelevel
    spec:
      replicas: 1
      selector:
        matchLabels:
          app: metrics
      template:
        metadata:
          annotations:
            config-hash: 70a32da6e4d789bd2b6d8ef1a7522d4788505f4428b2ac3622be2da3633e9ebe
          labels:
            app: metrics
        spec:
          affinity:
            nodeAffinity:
              requiredDuringSchedulingIgnoredDuringExecution:
                nodeSelectorTerms:
                  - matchExpressions:
                      - key: node
                        operator: In
                        values:
                          - eyelevel-cpu-only
                  - matchExpressions:
                      - key: eyelevel_node
                        operator: In
                        values:
                          - eyelevel-cpu-only
          containers:
            - env:
                - name: POD_NAMESPACE
                  valueFrom:
                    fieldRef:
                      fieldPath: metadata.namespace
                - name: TLS_CERT_FILE
                  value: /etc/ssl/tls/tls.crt
                - name: TLS_KEY_FILE
                  value: /etc/ssl/tls/tls.key
                - name: TLS_CA_FILE
                  value: /etc/ssl/tls/ca.crt
                - name: LISTEN_PORT
                  value: "8443"
              image: public.ecr.aws/c9r4x6y5/eyelevel/metrics:0.1.0
              imagePullPolicy: IfNotPresent
              livenessProbe:
                httpGet:
                  path: /health
                  port: 8443
                  scheme: HTTPS
                initialDelaySeconds: 30
                periodSeconds: 30
              name: metrics
              ports:
                - containerPort: 8443
                  protocol: TCP
              readinessProbe:
                httpGet:
                  path: /health
                  port: 8443
                  scheme: HTTPS
                initialDelaySeconds: 10
                periodSeconds: 30
              resources:
                requests:
                  cpu: 50m
                  memory: 64Mi
              securityContext:
                allowPrivilegeEscalation: false
                capabilities:
                  drop:
                    - ALL
                runAsGroup: 1001
                runAsNonRoot: true
                runAsUser: 1001
                seccompProfile:
                  type: RuntimeDefault
              volumeMounts:
                - mountPath: /home/golang/.cashbot/config.yaml
                  name: config-volume
                  subPath: config.yaml
                - mountPath: /etc/ssl/tls
                  name: tls-volume
                  readOnly: true
          initContainers:
            - command:
                - sh
                - -c
                - until nc -z cache.existing.com 6379; do echo waiting for cache; sleep 2; done
              image: public.ecr.aws/c9r4x6y5/eyelevel/busybox:1.0.0
              imagePullPolicy: IfNotPresent
              name: wait-for-cache
            - command:
                - sh
                - -c
                - until nc -z db-ro.existing.com 3306; do echo waiting for database; sleep 2; done
              image: public.ecr.aws/c9r4x6y5/eyelevel/busybox:1.0.0
              imagePullPolicy: IfNotPresent
              name: wait-for-database
          securityContext:
            fsGroup: 1001
            fsGroupChangePolicy: OnRootMismatch
            runAsGroup: 1001
            runAsNonRoot: true
            runAsUser: 1001
            seccompProfile:
              type: RuntimeDefault
          serviceAccountName: metrics
          tolerations:
            - effect: NoSchedule
              key: node
              value: eyelevel-cpu-only
            - effect: NoSchedule
              key: eyelevel_node
              value: eyelevel-cpu-only
          volumes:
            - configMap:
                name: config-yaml-map
              name: config-volume
            - name: tls-volume
              secret:
                secretName: metrics-tls
  5: |
    apiVersion: v1
    data: null
    kind: Secret
    metadata:
      labels:
        app: metrics
        appVersion: 0.1.0
        chart: groundx-0.1.0
        heritage: Helm
        version: 0.1.0
      name: metrics-tls
      namespace: eyelevel
    type: kubernetes.io/tls
  6: |
    apiVersion: apiregistration.k8s.io/v1
    kind: APIService
    metadata:
      labels:
        app: metrics
        appVersion: 0.1.0
        chart: groundx-0.1.0
        heritage: Helm
        version: 0.1.0
      name: v1beta1.external.metrics.k8s.io
    spec:
      group: external.metrics.k8s.io
      groupPriorityMinimum: 100
      insecureSkipTLSVerify: true
      service:
        name: metrics
        namespace: eyelevel
        port: 443
      version: v1beta1
      versionPriority: 100
  7: |
    apiVersion: v1
    kind: Service
    metadata:
      labels:
        app: metrics
      name: metrics
      namespace: eyelevel
    spec:
      ports:
        - port: 443
          protocol: TCP
          targetPort: 8443
      selector:
        app: metrics
      type: ClusterIP
'extract: golang':
  1: |
    apiVersion: v1
    kind: ServiceAccount
    metadata:
      labels:
        app: metrics
        appVersion: 0.1.0
        chart: groundx-0.1.0
        heritage: Helm
        version: 0.1.0
      name: existing-service-account
      namespace: eyelevel
  2: |
    apiVersion: rbac.authorization.k8s.io/v1
    kind: Role
    metadata:
      labels:
        app: metrics
        appVersion: 0.1.0
        chart: groundx-0.1.0
        heritage: Helm
        version: 0.1.0
      name: metrics-reader
      namespace: eyelevel
    rules:
      - apiGroups:
          - apps
        resources:
          - deployments
        verbs:
          - get
          - list
          - watch
      - apiGroups:
          - ""
        resources:
          - pods
        verbs:
          - get
          - list
          - watch
  3: |
    apiVersion: rbac.authorization.k8s.io/v1
    kind: RoleBinding
    metadata:
      labels:
        app: metrics
        appVersion: 0.1.0
        chart: groundx-0.1.0
        heritage: Helm
        version: 0.1.0
      name: metrics-reader
      namespace: eyelevel
    roleRef:
      apiGroup: rbac.authorization.k8s.io
      kind: Role
      name: metrics-reader
    subjects:
      - kind: ServiceAccount
        name: existing-service-account
        namespace: eyelevel
  4: |
    apiVersion: apps/v1
    kind: Deployment
    metadata:
      labels:
        app: metrics
        appVersion: 0.1.0
        chart: groundx-0.1.0
        heritage: Helm
        version: 0.1.0
      name: metrics
      namespace: eyelevel
    spec:
      replicas: 1
      selector:
        matchLabels:
          app: metrics
      template:
        metadata:
          annotations:
            config-hash: d509cefa938d3f3ac9be2a41a847ae6475de315055678d3ad4597c4af15d983b
          labels:
            app: metrics
        spec:
          affinity:
            nodeAffinity:
              requiredDuringSchedulingIgnoredDuringExecution:
                nodeSelectorTerms:
                  - matchExpressions:
                      - key: node
                        operator: In
                        values:
                          - eyelevel-cpu-only
                  - matchExpressions:
                      - key: eyelevel_node
                        operator: In
                        values:
                          - eyelevel-cpu-only
          containers:
            - env:
                - name: POD_NAMESPACE
                  valueFrom:
                    fieldRef:
                      fieldPath: metadata.namespace
                - name: TLS_CERT_FILE
                  value: /etc/ssl/tls/tls.crt
                - name: TLS_KEY_FILE
                  value: /etc/ssl/tls/tls.key
                - name: TLS_CA_FILE
                  value: /etc/ssl/tls/ca.crt
                - name: LISTEN_PORT
                  value: "8443"
              envFrom:
                - secretRef:
                    name: eyelevel-secret-credentials
              image: public.ecr.aws/c9r4x6y5/eyelevel/metrics:0.1.0
              imagePullPolicy: IfNotPresent
              livenessProbe:
                httpGet:
                  path: /health
                  port: 8443
                  scheme: HTTPS
                initialDelaySeconds: 30
                periodSeconds: 30
              name: metrics
              ports:
                - containerPort: 8443
                  protocol: TCP
              readinessProbe:
                httpGet:
                  path: /health
                  port: 8443
                  scheme: HTTPS
                initialDelaySeconds: 10
                periodSeconds: 30
              resources:
                requests:
                  cpu: 50m
                  memory: 64Mi
              securityContext:
                allowPrivilegeEscalation: false
                capabilities:
                  drop:
                    - ALL
                runAsGroup: 1001
                runAsNonRoot: true
                runAsUser: 1001
                seccompProfile:
                  type: RuntimeDefault
              volumeMounts:
                - mountPath: /home/golang/.cashbot/config.yaml
                  name: config-volume
                  subPath: config.yaml
                - mountPath: /etc/ssl/tls
                  name: tls-volume
                  readOnly: true
          initContainers:
            - command:
                - sh
                - -c
                - until nc -z X.X.X.use2.cache.amazonaws.com 6379; do echo waiting for cache; sleep 2; done
              image: public.ecr.aws/c9r4x6y5/eyelevel/busybox:1.0.0
              imagePullPolicy: IfNotPresent
              name: wait-for-cache
            - command:
                - sh
                - -c
                - until nc -z X.X.us-east-2.rds.amazonaws.com 3306; do echo waiting for database; sleep 2; done
              image: public.ecr.aws/c9r4x6y5/eyelevel/busybox:1.0.0
              imagePullPolicy: IfNotPresent
              name: wait-for-database
          securityContext:
            fsGroup: 1001
            fsGroupChangePolicy: OnRootMismatch
            runAsGroup: 1001
            runAsNonRoot: true
            runAsUser: 1001
            seccompProfile:
              type: RuntimeDefault
          serviceAccountName: existing-service-account
          tolerations:
            - effect: NoSchedule
              key: node
              value: eyelevel-cpu-only
            - effect: NoSchedule
              key: eyelevel_node
              value: eyelevel-cpu-only
          volumes:
            - configMap:
                name: config-yaml-map
              name: config-volume
            - name: tls-volume
              secret:
                secretName: metrics-tls
  5: |
    apiVersion: v1
    data: null
    kind: Secret
    metadata:
      labels:
        app: metrics
        appVersion: 0.1.0
        chart: groundx-0.1.0
        heritage: Helm
        version: 0.1.0
      name: metrics-tls
      namespace: eyelevel
    type: kubernetes.io/tls
  6: |
    apiVersion: apiregistration.k8s.io/v1
    kind: APIService
    metadata:
      labels:
        app: metrics
        appVersion: 0.1.0
        chart: groundx-0.1.0
        heritage: Helm
        version: 0.1.0
      name: v1beta1.external.metrics.k8s.io
    spec:
      group: external.metrics.k8s.io
      groupPriorityMinimum: 100
      insecureSkipTLSVerify: true
      service:
        name: metrics
        namespace: eyelevel
        port: 443
      version: v1beta1
      versionPriority: 100
  7: |
    apiVersion: v1
    kind: Service
    metadata:
      labels:
        app: metrics
      name: metrics
      namespace: eyelevel
    spec:
      ports:
        - port: 443
          protocol: TCP
          targetPort: 8443
      selector:
        app: metrics
      type: ClusterIP
'extract.ingest: golang':
  1: |
    apiVersion: v1
    kind: ServiceAccount
    metadata:
      labels:
        app: metrics
        appVersion: 0.1.0
        chart: groundx-0.1.0
        heritage: Helm
        version: 0.1.0
      name: metrics
      namespace: eyelevel
  2: |
    apiVersion: rbac.authorization.k8s.io/v1
    kind: Role
    metadata:
      labels:
        app: metrics
        appVersion: 0.1.0
        chart: groundx-0.1.0
        heritage: Helm
        version: 0.1.0
      name: metrics-reader
      namespace: eyelevel
    rules:
      - apiGroups:
          - apps
        resources:
          - deployments
        verbs:
          - get
          - list
          - watch
      - apiGroups:
          - ""
        resources:
          - pods
        verbs:
          - get
          - list
          - watch
  3: |
    apiVersion: rbac.authorization.k8s.io/v1
    kind: RoleBinding
    metadata:
      labels:
        app: metrics
        appVersion: 0.1.0
        chart: groundx-0.1.0
        heritage: Helm
        version: 0.1.0
      name: metrics-reader
      namespace: eyelevel
    roleRef:
      apiGroup: rbac.authorization.k8s.io
      kind: Role
      name: metrics-reader
    subjects:
      - kind: ServiceAccount
        name: metrics
        namespace: eyelevel
  4: |
    apiVersion: apps/v1
    kind: Deployment
    metadata:
      labels:
        app: metrics
        appVersion: 0.1.0
        chart: groundx-0.1.0
        heritage: Helm
        version: 0.1.0
      name: metrics
      namespace: eyelevel
    spec:
      replicas: 1
      selector:
        matchLabels:
          app: metrics
      template:
        metadata:
          annotations:
            config-hash: 0061552a5b28d9b44ab119f38b5129684c5f8e178fb2738f1d499ac49e94754a
          labels:
            app: metrics
        spec:
          affinity:
            nodeAffinity:
              requiredDuringSchedulingIgnoredDuringExecution:
                nodeSelectorTerms:
                  - matchExpressions:
                      - key: node
                        operator: In
                        values:
                          - eyelevel-cpu-only
                  - matchExpressions:
                      - key: eyelevel_node
                        operator: In
                        values:
                          - eyelevel-cpu-only
          containers:
            - env:
                - name: POD_NAMESPACE
                  valueFrom:
                    fieldRef:
                      fieldPath: metadata.namespace
                - name: TLS_CERT_FILE
                  value: /etc/ssl/tls/tls.crt
                - name: TLS_KEY_FILE
                  value: /etc/ssl/tls/tls.key
                - name: TLS_CA_FILE
                  value: /etc/ssl/tls/ca.crt
                - name: LISTEN_PORT
                  value: "8443"
              image: public.ecr.aws/c9r4x6y5/eyelevel/metrics:0.1.0
              imagePullPolicy: IfNotPresent
              livenessProbe:
                httpGet:
                  path: /health
                  port: 8443
                  scheme: HTTPS
                initialDelaySeconds: 30
                periodSeconds: 30
              name: metrics
              ports:
                - containerPort: 8443
                  protocol: TCP
              readinessProbe:
                httpGet:
                  path: /health
                  port: 8443
                  scheme: HTTPS
                initialDelaySeconds: 10
                periodSeconds: 30
              resources:
                requests:
                  cpu: 50m
                  memory: 64Mi
              securityContext:
                allowPrivilegeEscalation: false
                capabilities:
                  drop:
                    - ALL
                runAsGroup: 1001
                runAsNonRoot: true
                runAsUser: 1001
                seccompProfile:
                  type: RuntimeDefault
              volumeMounts:
                - mountPath: /home/golang/.cashbot/config.yaml
                  name: config-volume
                  subPath: config.yaml
                - mountPath: /etc/ssl/tls
                  name: tls-volume
                  readOnly: true
          initContainers:
            - command:
                - sh
                - -c
                - until nc -z X.X.X.use2.cache.amazonaws.com 6379; do echo waiting for cache; sleep 2; done
              image: public.ecr.aws/c9r4x6y5/eyelevel/busybox:1.0.0
              imagePullPolicy: IfNotPresent
              name: wait-for-cache
            - command:
                - sh
                - -c
                - until nc -z X.X.us-east-2.rds.amazonaws.com 3306; do echo waiting for database; sleep 2; done
              image: public.ecr.aws/c9r4x6y5/eyelevel/busybox:1.0.0
              imagePullPolicy: IfNotPresent
              name: wait-for-database
          securityContext:
            fsGroup: 1001
            fsGroupChangePolicy: OnRootMismatch
            runAsGroup: 1001
            runAsNonRoot: true
            runAsUser: 1001
            seccompProfile:
              type: RuntimeDefault
          serviceAccountName: metrics
          tolerations:
            - effect: NoSchedule
              key: node
              value: eyelevel-cpu-only
            - effect: NoSchedule
              key: eyelevel_node
              value: eyelevel-cpu-only
          volumes:
            - configMap:
                name: config-yaml-map
              name: config-volume
            - name: tls-volume
              secret:
                secretName: metrics-tls
  5: |
    apiVersion: v1
    data: null
    kind: Secret
    metadata:
      labels:
        app: metrics
        appVersion: 0.1.0
        chart: groundx-0.1.0
        heritage: Helm
        version: 0.1.0
      name: metrics-tls
      namespace: eyelevel
    type: kubernetes.io/tls
  6: |
    apiVersion: apiregistration.k8s.io/v1
    kind: APIService
    metadata:
      labels:
        app: metrics
        appVersion: 0.1.0
        chart: groundx-0.1.0
        heritage: Helm
        version: 0.1.0
      name: v1beta1.external.metrics.k8s.io
    spec:
      group: external.metrics.k8s.io
      groupPriorityMinimum: 100
      insecureSkipTLSVerify: true
      service:
        name: metrics
        namespace: eyelevel
        port: 443
      version: v1beta1
      versionPriority: 100
  7: |
    apiVersion: v1
    kind: Service
    metadata:
      labels:
        app: metrics
      name: metrics
      namespace: eyelevel
    spec:
      ports:
        - port: 443
          protocol: TCP
          targetPort: 8443
      selector:
        app: metrics
      type: ClusterIP
'extract.oai: golang':
  1: |
    apiVersion: v1
    kind: ServiceAccount
    metadata:
      labels:
        app: metrics
        appVersion: 0.1.0
        chart: groundx-0.1.0
        heritage: Helm
        version: 0.1.0
      name: existing-service-account
      namespace: eyelevel
  2: |
    apiVersion: rbac.authorization.k8s.io/v1
    kind: Role
    metadata:
      labels:
        app: metrics
        appVersion: 0.1.0
        chart: groundx-0.1.0
        heritage: Helm
        version: 0.1.0
      name: metrics-reader
      namespace: eyelevel
    rules:
      - apiGroups:
          - apps
        resources:
          - deployments
        verbs:
          - get
          - list
          - watch
      - apiGroups:
          - ""
        resources:
          - pods
        verbs:
          - get
          - list
          - watch
  3: |
    apiVersion: rbac.authorization.k8s.io/v1
    kind: RoleBinding
    metadata:
      labels:
        app: metrics
        appVersion: 0.1.0
        chart: groundx-0.1.0
        heritage: Helm
        version: 0.1.0
      name: metrics-reader
      namespace: eyelevel
    roleRef:
      apiGroup: rbac.authorization.k8s.io
      kind: Role
      name: metrics-reader
    subjects:
      - kind: ServiceAccount
        name: existing-service-account
        namespace: eyelevel
  4: |
    apiVersion: apps/v1
    kind: Deployment
    metadata:
      labels:
        app: metrics
        appVersion: 0.1.0
        chart: groundx-0.1.0
        heritage: Helm
        version: 0.1.0
      name: metrics
      namespace: eyelevel
    spec:
      replicas: 1
      selector:
        matchLabels:
          app: metrics
      template:
        metadata:
          annotations:
            config-hash: 2f8a7691d06d3cec62a0fcb13c1b9239823b8155e26cd25d3f0e73547fe1ecc6
          labels:
            app: metrics
        spec:
          affinity:
            nodeAffinity:
              requiredDuringSchedulingIgnoredDuringExecution:
                nodeSelectorTerms:
                  - matchExpressions:
                      - key: node
                        operator: In
                        values:
                          - eyelevel-cpu-only
                  - matchExpressions:
                      - key: eyelevel_node
                        operator: In
                        values:
                          - eyelevel-cpu-only
          containers:
            - env:
                - name: POD_NAMESPACE
                  valueFrom:
                    fieldRef:
                      fieldPath: metadata.namespace
                - name: TLS_CERT_FILE
                  value: /etc/ssl/tls/tls.crt
                - name: TLS_KEY_FILE
                  value: /etc/ssl/tls/tls.key
                - name: TLS_CA_FILE
                  value: /etc/ssl/tls/ca.crt
                - name: LISTEN_PORT
                  value: "8443"
              envFrom:
                - secretRef:
                    name: eyelevel-secret-credentials
              image: public.ecr.aws/c9r4x6y5/eyelevel/metrics:0.1.0
              imagePullPolicy: IfNotPresent
              livenessProbe:
                httpGet:
                  path: /health
                  port: 8443
                  scheme: HTTPS
                initialDelaySeconds: 30
                periodSeconds: 30
              name: metrics
              ports:
                - containerPort: 8443
                  protocol: TCP
              readinessProbe:
                httpGet:
                  path: /health
                  port: 8443
                  scheme: HTTPS
                initialDelaySeconds: 10
                periodSeconds: 30
              resources:
                requests:
                  cpu: 50m
                  memory: 64Mi
              securityContext:
                allowPrivilegeEscalation: false
                capabilities:
                  drop:
                    - ALL
                runAsGroup: 1001
                runAsNonRoot: true
                runAsUser: 1001
                seccompProfile:
                  type: RuntimeDefault
              volumeMounts:
                - mountPath: /home/golang/.cashbot/config.yaml
                  name: config-volume
                  subPath: config.yaml
                - mountPath: /etc/ssl/tls
                  name: tls-volume
                  readOnly: true
          initContainers:
            - command:
                - sh
                - -c
                - until nc -z X.X.X.use2.cache.amazonaws.com 6379; do echo waiting for cache; sleep 2; done
              image: public.ecr.aws/c9r4x6y5/eyelevel/busybox:1.0.0
              imagePullPolicy: IfNotPresent
              name: wait-for-cache
            - command:
                - sh
                - -c
                - until nc -z X.X.us-east-2.rds.amazonaws.com 3306; do echo waiting for database; sleep 2; done
              image: public.ecr.aws/c9r4x6y5/eyelevel/busybox:1.0.0
              imagePullPolicy: IfNotPresent
              name: wait-for-database
          securityContext:
            fsGroup: 1001
            fsGroupChangePolicy: OnRootMismatch
            runAsGroup: 1001
            runAsNonRoot: true
            runAsUser: 1001
            seccompProfile:
              type: RuntimeDefault
          serviceAccountName: existing-service-account
          tolerations:
            - effect: NoSchedule
              key: node
              value: eyelevel-cpu-only
            - effect: NoSchedule
              key: eyelevel_node
              value: eyelevel-cpu-only
          volumes:
            - configMap:
                name: config-yaml-map
              name: config-volume
            - name: tls-volume
              secret:
                secretName: metrics-tls
  5: |
    apiVersion: v1
    data: null
    kind: Secret
    metadata:
      labels:
        app: metrics
        appVersion: 0.1.0
        chart: groundx-0.1.0
        heritage: Helm
        version: 0.1.0
      name: metrics-tls
      namespace: eyelevel
    type: kubernetes.io/tls
  6: |
    apiVersion: apiregistration.k8s.io/v1
    kind: APIService
    metadata:
      labels:
        app: metrics
        appVersion: 0.1.0
        chart: groundx-0.1.0
        heritage: Helm
        version: 0.1.0
      name: v1beta1.external.metrics.k8s.io
    spec:
      group: external.metrics.k8s.io
      groupPriorityMinimum: 100
      insecureSkipTLSVerify: true
      service:
        name: metrics
        namespace: eyelevel
        port: 443
      version: v1beta1
      versionPriority: 100
  7: |
    apiVersion: v1
    kind: Service
    metadata:
      labels:
        app: metrics
      name: metrics
      namespace: eyelevel
    spec:
      ports:
        - port: 443
          protocol: TCP
          targetPort: 8443
      selector:
        app: metrics
      type: ClusterIP
'metadata: golang':
  1: |
    apiVersion: v1
    kind: ServiceAccount
    metadata:
      labels:
        app: metrics
        appVersion: 0.1.0
        chart: groundx-0.1.0
        heritage: Helm
        version: 0.1.0
      name: existing-service-account
      namespace: eyelevel
  2: |
    apiVersion: rbac.authorization.k8s.io/v1
    kind: Role
    metadata:
      labels:
        app: metrics
        appVersion: 0.1.0
        chart: groundx-0.1.0
        heritage: Helm
        version: 0.1.0
      name: metrics-reader
      namespace: eyelevel
    rules:
      - apiGroups:
          - apps
        resources:
          - deployments
        verbs:
          - get
          - list
          - watch
      - apiGroups:
          - ""
        resources:
          - pods
        verbs:
          - get
          - list
          - watch
  3: |
    apiVersion: rbac.authorization.k8s.io/v1
    kind: RoleBinding
    metadata:
      labels:
        app: metrics
        appVersion: 0.1.0
        chart: groundx-0.1.0
        heritage: Helm
        version: 0.1.0
      name: metrics-reader
      namespace: eyelevel
    roleRef:
      apiGroup: rbac.authorization.k8s.io
      kind: Role
      name: metrics-reader
    subjects:
      - kind: ServiceAccount
        name: existing-service-account
        namespace: eyelevel
  4: |
    apiVersion: apps/v1
    kind: Deployment
    metadata:
      labels:
        app: metrics
        appVersion: 0.1.0
        chart: groundx-0.1.0
        heritage: Helm
        version: 0.1.0
      name: metrics
      namespace: eyelevel
    spec:
      replicas: 1
      selector:
        matchLabels:
          app: metrics
      template:
        metadata:
          annotations:
            config-hash: 9a5e2282e13f90153df74e3b6e11f4d54cd1bdd67f300648c215ba24070e5c85
          labels:
            app: metrics
        spec:
          affinity:
            nodeAffinity:
              requiredDuringSchedulingIgnoredDuringExecution:
                nodeSelectorTerms:
                  - matchExpressions:
                      - key: node
                        operator: In
                        values:
                          - eyelevel-cpu-only
                  - matchExpressions:
                      - key: eyelevel_node
                        operator: In
                        values:
                          - eyelevel-cpu-only
          containers:
            - env:
                - name: POD_NAMESPACE
                  valueFrom:
                    fieldRef:
                      fieldPath: metadata.namespace
                - name: TLS_CERT_FILE
                  value: /etc/ssl/tls/tls.crt
                - name: TLS_KEY_FILE
                  value: /etc/ssl/tls/tls.key
                - name: TLS_CA_FILE
                  value: /etc/ssl/tls/ca.crt
                - name: LISTEN_PORT
                  value: "8443"
              image: public.ecr.aws/c9r4x6y5/eyelevel/metrics:0.1.0
              imagePullPolicy: IfNotPresent
              livenessProbe:
                httpGet:
                  path: /health
                  port: 8443
                  scheme: HTTPS
                initialDelaySeconds: 30
                periodSeconds: 30
              name: metrics
              ports:
                - containerPort: 8443
                  protocol: TCP
              readinessProbe:
                httpGet:
                  path: /health
                  port: 8443
                  scheme: HTTPS
                initialDelaySeconds: 10
                periodSeconds: 30
              resources:
                requests:
                  cpu: 50m
                  memory: 64Mi
              securityContext:
                allowPrivilegeEscalation: false
                capabilities:
                  drop:
                    - ALL
                runAsGroup: 1001
                runAsNonRoot: true
                runAsUser: 1001
                seccompProfile:
                  type: RuntimeDefault
              volumeMounts:
                - mountPath: /home/golang/.cashbot/config.yaml
                  name: config-volume
                  subPath: config.yaml
                - mountPath: /etc/ssl/tls
                  name: tls-volume
                  readOnly: true
          initContainers:
            - command:
                - sh
                - -c
                - until nc -z myapp.eyelevel.svc.cluster.local 8082; do echo waiting for cache; sleep 2; done
              image: test.image:v1
              imagePullPolicy: Always
              name: wait-for-cache
            - command:
                - sh
                - -c
                - until nc -z db-cluster-haproxy-replicas.eyelevel.svc.cluster.local 3306; do echo waiting for database; sleep 2; done
              image: test.image:v1
              imagePullPolicy: Always
              name: wait-for-database
          securityContext:
            fsGroup: 1001
            fsGroupChangePolicy: OnRootMismatch
            runAsGroup: 1001
            runAsNonRoot: true
            runAsUser: 1001
            seccompProfile:
              type: RuntimeDefault
          serviceAccountName: existing-service-account
          tolerations:
            - effect: NoSchedule
              key: node
              value: eyelevel-cpu-only
            - effect: NoSchedule
              key: eyelevel_node
              value: eyelevel-cpu-only
          volumes:
            - configMap:
                name: config-yaml-map
              name: config-volume
            - name: tls-volume
              secret:
                secretName: metrics-tls
  5: |
    apiVersion: v1
    data: null
    kind: Secret
    metadata:
      labels:
        app: metrics
        appVersion: 0.1.0
        chart: groundx-0.1.0
        heritage: Helm
        version: 0.1.0
      name: metrics-tls
      namespace: eyelevel
    type: kubernetes.io/tls
  6: |
    apiVersion: apiregistration.k8s.io/v1
    kind: APIService
    metadata:
      labels:
        app: metrics
        appVersion: 0.1.0
        chart: groundx-0.1.0
        heritage: Helm
        version: 0.1.0
      name: v1beta1.external.metrics.k8s.io
    spec:
      group: external.metrics.k8s.io
      groupPriorityMinimum: 100
      insecureSkipTLSVerify: true
      service:
        name: metrics
        namespace: eyelevel
        port: 443
      version: v1beta1
      versionPriority: 100
  7: |
    apiVersion: v1
    kind: Service
    metadata:
      labels:
        app: metrics
      name: metrics
      namespace: eyelevel
    spec:
      ports:
        - port: 443
          protocol: TCP
          targetPort: 8443
      selector:
        app: metrics
      type: ClusterIP
'minikube: golang':
  1: |
    apiVersion: v1
    kind: ServiceAccount
    metadata:
      labels:
        app: metrics
        appVersion: 0.1.0
        chart: groundx-0.1.0
        heritage: Helm
        version: 0.1.0
      name: metrics
      namespace: eyelevel
  2: |
    apiVersion: rbac.authorization.k8s.io/v1
    kind: Role
    metadata:
      labels:
        app: metrics
        appVersion: 0.1.0
        chart: groundx-0.1.0
        heritage: Helm
        version: 0.1.0
      name: metrics-reader
      namespace: eyelevel
    rules:
      - apiGroups:
          - apps
        resources:
          - deployments
        verbs:
          - get
          - list
          - watch
      - apiGroups:
          - ""
        resources:
          - pods
        verbs:
          - get
          - list
          - watch
  3: |
    apiVersion: rbac.authorization.k8s.io/v1
    kind: RoleBinding
    metadata:
      labels:
        app: metrics
        appVersion: 0.1.0
        chart: groundx-0.1.0
        heritage: Helm
        version: 0.1.0
      name: metrics-reader
      namespace: eyelevel
    roleRef:
      apiGroup: rbac.authorization.k8s.io
      kind: Role
      name: metrics-reader
    subjects:
      - kind: ServiceAccount
        name: metrics
        namespace: eyelevel
  4: |
    apiVersion: apps/v1
    kind: Deployment
    metadata:
      labels:
        app: metrics
        appVersion: 0.1.0
        chart: groundx-0.1.0
        heritage: Helm
        version: 0.1.0
      name: metrics
      namespace: eyelevel
    spec:
      replicas: 1
      selector:
        matchLabels:
          app: metrics
      template:
        metadata:
          annotations:
            config-hash: 7d5ac1db7f7039dfacdd630dce7eab689e18b1d740b25ed8e5fb994cb0c419cc
          labels:
            app: metrics
        spec:
          affinity:
            nodeAffinity:
              requiredDuringSchedulingIgnoredDuringExecution:
                nodeSelectorTerms:
                  - matchExpressions:
                      - key: node
                        operator: In
                        values:
                          - eyelevel-cpu-only
                  - matchExpressions:
                      - key: eyelevel_node
                        operator: In
                        values:
                          - eyelevel-cpu-only
          containers:
            - env:
                - name: POD_NAMESPACE
                  valueFrom:
                    fieldRef:
                      fieldPath: metadata.namespace
                - name: TLS_CERT_FILE
                  value: /etc/ssl/tls/tls.crt
                - name: TLS_KEY_FILE
                  value: /etc/ssl/tls/tls.key
                - name: TLS_CA_FILE
                  value: /etc/ssl/tls/ca.crt
                - name: LISTEN_PORT
                  value: "8443"
              image: public.ecr.aws/c9r4x6y5/eyelevel/metrics:0.1.0
              imagePullPolicy: IfNotPresent
              livenessProbe:
                httpGet:
                  path: /health
                  port: 8443
                  scheme: HTTPS
                initialDelaySeconds: 30
                periodSeconds: 30
              name: metrics
              ports:
                - containerPort: 8443
                  protocol: TCP
              readinessProbe:
                httpGet:
                  path: /health
                  port: 8443
                  scheme: HTTPS
                initialDelaySeconds: 10
                periodSeconds: 30
              resources:
                requests:
                  cpu: 50m
                  memory: 64Mi
              securityContext:
                allowPrivilegeEscalation: false
                capabilities:
                  drop:
                    - ALL
                runAsGroup: 1001
                runAsNonRoot: true
                runAsUser: 1001
                seccompProfile:
                  type: RuntimeDefault
              volumeMounts:
                - mountPath: /home/golang/.cashbot/config.yaml
                  name: config-volume
                  subPath: config.yaml
                - mountPath: /etc/ssl/tls
                  name: tls-volume
                  readOnly: true
          initContainers:
            - command:
                - sh
                - -c
                - until nc -z cache.eyelevel.svc.cluster.local 6379; do echo waiting for cache; sleep 2; done
              image: public.ecr.aws/c9r4x6y5/eyelevel/busybox:1.0.0
              imagePullPolicy: IfNotPresent
              name: wait-for-cache
            - command:
                - sh
                - -c
                - until nc -z db-cluster-haproxy-replicas.eyelevel.svc.cluster.local 3306; do echo waiting for database; sleep 2; done
              image: public.ecr.aws/c9r4x6y5/eyelevel/busybox:1.0.0
              imagePullPolicy: IfNotPresent
              name: wait-for-database
          securityContext:
            fsGroup: 1001
            fsGroupChangePolicy: OnRootMismatch
            runAsGroup: 1001
            runAsNonRoot: true
            runAsUser: 1001
            seccompProfile:
              type: RuntimeDefault
          serviceAccountName: metrics
          tolerations:
            - effect: NoSchedule
              key: node
              value: eyelevel-cpu-only
            - effect: NoSchedule
              key: eyelevel_node
              value: eyelevel-cpu-only
          volumes:
            - configMap:
                name: config-yaml-map
              name: config-volume
            - name: tls-volume
              secret:
                secretName: metrics-tls
  5: |
    apiVersion: v1
    data: null
    kind: Secret
    metadata:
      labels:
        app: metrics
        appVersion: 0.1.0
        chart: groundx-0.1.0
        heritage: Helm
        version: 0.1.0
      name: metrics-tls
      namespace: eyelevel
    type: kubernetes.io/tls
  6: |
    apiVersion: apiregistration.k8s.io/v1
    kind: APIService
    metadata:
      labels:
        app: metrics
        appVersion: 0.1.0
        chart: groundx-0.1.0
        heritage: Helm
        version: 0.1.0
      name: v1beta1.external.metrics.k8s.io
    spec:
      group: external.metrics.k8s.io
      groupPriorityMinimum: 100
      insecureSkipTLSVerify: true
      service:
        name: metrics
        namespace: eyelevel
        port: 443
      version: v1beta1
      versionPriority: 100
  7: |
    apiVersion: v1
    kind: Service
    metadata:
      labels:
        app: metrics
      name: metrics
      namespace: eyelevel
    spec:
      ports:
        - port: 443
          protocol: TCP
          targetPort: 8443
      selector:
        app: metrics
      type: ClusterIP
'openshift: golang':
  1: |
    apiVersion: v1
    kind: ServiceAccount
    metadata:
      labels:
        app: metrics
        appVersion: 0.1.0
        chart: groundx-0.1.0
        heritage: Helm
        version: 0.1.0
      name: metrics
      namespace: eyelevel
  2: |
    apiVersion: rbac.authorization.k8s.io/v1
    kind: Role
    metadata:
      labels:
        app: metrics
        appVersion: 0.1.0
        chart: groundx-0.1.0
        heritage: Helm
        version: 0.1.0
      name: metrics-reader
      namespace: eyelevel
    rules:
      - apiGroups:
          - apps
        resources:
          - deployments
        verbs:
          - get
          - list
          - watch
      - apiGroups:
          - ""
        resources:
          - pods
        verbs:
          - get
          - list
          - watch
  3: |
    apiVersion: rbac.authorization.k8s.io/v1
    kind: RoleBinding
    metadata:
      labels:
        app: metrics
        appVersion: 0.1.0
        chart: groundx-0.1.0
        heritage: Helm
        version: 0.1.0
      name: metrics-reader
      namespace: eyelevel
    roleRef:
      apiGroup: rbac.authorization.k8s.io
      kind: Role
      name: metrics-reader
    subjects:
      - kind: ServiceAccount
        name: metrics
        namespace: eyelevel
  4: |
    apiVersion: apps/v1
    kind: Deployment
    metadata:
      labels:
        app: metrics
        appVersion: 0.1.0
        chart: groundx-0.1.0
        heritage: Helm
        version: 0.1.0
      name: metrics
      namespace: eyelevel
    spec:
      replicas: 1
      selector:
        matchLabels:
          app: metrics
      template:
        metadata:
          annotations:
            config-hash: 7d5ac1db7f7039dfacdd630dce7eab689e18b1d740b25ed8e5fb994cb0c419cc
          labels:
            app: metrics
        spec:
          affinity:
            nodeAffinity:
              requiredDuringSchedulingIgnoredDuringExecution:
                nodeSelectorTerms:
                  - matchExpressions:
                      - key: node
                        operator: In
                        values:
                          - eyelevel-cpu-only
                  - matchExpressions:
                      - key: eyelevel_node
                        operator: In
                        values:
                          - eyelevel-cpu-only
          containers:
            - env:
                - name: POD_NAMESPACE
                  valueFrom:
                    fieldRef:
                      fieldPath: metadata.namespace
                - name: TLS_CERT_FILE
                  value: /etc/ssl/tls/tls.crt
                - name: TLS_KEY_FILE
                  value: /etc/ssl/tls/tls.key
                - name: TLS_CA_FILE
                  value: /etc/ssl/tls/ca.crt
                - name: LISTEN_PORT
                  value: "8443"
              image: public.ecr.aws/c9r4x6y5/eyelevel/metrics:0.1.0
              imagePullPolicy: IfNotPresent
              livenessProbe:
                httpGet:
                  path: /health
                  port: 8443
                  scheme: HTTPS
                initialDelaySeconds: 30
                periodSeconds: 30
              name: metrics
              ports:
                - containerPort: 8443
                  protocol: TCP
              readinessProbe:
                httpGet:
                  path: /health
                  port: 8443
                  scheme: HTTPS
                initialDelaySeconds: 10
                periodSeconds: 30
              resources:
                requests:
                  cpu: 50m
                  memory: 64Mi
              securityContext:
                allowPrivilegeEscalation: false
                capabilities:
                  drop:
                    - ALL
                runAsNonRoot: true
                seccompProfile:
                  type: RuntimeDefault
              volumeMounts:
                - mountPath: /home/golang/.cashbot/config.yaml
                  name: config-volume
                  subPath: config.yaml
                - mountPath: /etc/ssl/tls
                  name: tls-volume
                  readOnly: true
          initContainers:
            - command:
                - sh
                - -c
                - until nc -z cache.eyelevel.svc.cluster.local 6379; do echo waiting for cache; sleep 2; done
              image: public.ecr.aws/c9r4x6y5/eyelevel/busybox:1.0.0
              imagePullPolicy: IfNotPresent
              name: wait-for-cache
            - command:
                - sh
                - -c
                - until nc -z db-cluster-haproxy-replicas.eyelevel.svc.cluster.local 3306; do echo waiting for database; sleep 2; done
              image: public.ecr.aws/c9r4x6y5/eyelevel/busybox:1.0.0
              imagePullPolicy: IfNotPresent
              name: wait-for-database
          securityContext:
            runAsNonRoot: true
            seccompProfile:
              type: RuntimeDefault
          serviceAccountName: metrics
          tolerations:
            - effect: NoSchedule
              key: node
              value: eyelevel-cpu-only
            - effect: NoSchedule
              key: eyelevel_node
              value: eyelevel-cpu-only
          volumes:
            - configMap:
                name: config-yaml-map
              name: config-volume
            - name: tls-volume
              secret:
                secretName: metrics-tls
  5: |
    apiVersion: v1
    data: null
    kind: Secret
    metadata:
      labels:
        app: metrics
        appVersion: 0.1.0
        chart: groundx-0.1.0
        heritage: Helm
        version: 0.1.0
      name: metrics-tls
      namespace: eyelevel
    type: kubernetes.io/tls
  6: |
    apiVersion: apiregistration.k8s.io/v1
    kind: APIService
    metadata:
      labels:
        app: metrics
        appVersion: 0.1.0
        chart: groundx-0.1.0
        heritage: Helm
        version: 0.1.0
      name: v1beta1.external.metrics.k8s.io
    spec:
      group: external.metrics.k8s.io
      groupPriorityMinimum: 100
      insecureSkipTLSVerify: true
      service:
        name: metrics
        namespace: eyelevel
        port: 443
      version: v1beta1
      versionPriority: 100
  7: |
    apiVersion: v1
    kind: Service
    metadata:
      labels:
        app: metrics
      name: metrics
      namespace: eyelevel
    spec:
      ports:
        - port: 443
          protocol: TCP
          targetPort: 8443
      selector:
        app: metrics
      type: ClusterIP
'phoenix: golang':
  1: |
    apiVersion: v1
    kind: ServiceAccount
    metadata:
      labels:
        app: metrics
        appVersion: 0.1.0
        chart: groundx-0.1.0
        heritage: Helm
        version: 0.1.0
      name: metrics
      namespace: eyelevel
  2: |
    apiVersion: rbac.authorization.k8s.io/v1
    kind: Role
    metadata:
      labels:
        app: metrics
        appVersion: 0.1.0
        chart: groundx-0.1.0
        heritage: Helm
        version: 0.1.0
      name: metrics-reader
      namespace: eyelevel
    rules:
      - apiGroups:
          - apps
        resources:
          - deployments
        verbs:
          - get
          - list
          - watch
      - apiGroups:
          - ""
        resources:
          - pods
        verbs:
          - get
          - list
          - watch
  3: |
    apiVersion: rbac.authorization.k8s.io/v1
    kind: RoleBinding
    metadata:
      labels:
        app: metrics
        appVersion: 0.1.0
        chart: groundx-0.1.0
        heritage: Helm
        version: 0.1.0
      name: metrics-reader
      namespace: eyelevel
    roleRef:
      apiGroup: rbac.authorization.k8s.io
      kind: Role
      name: metrics-reader
    subjects:
      - kind: ServiceAccount
        name: metrics
        namespace: eyelevel
  4: |
    apiVersion: apps/v1
    kind: Deployment
    metadata:
      labels:
        app: metrics
        appVersion: 0.1.0
        chart: groundx-0.1.0
        heritage: Helm
        version: 0.1.0
      name: metrics
      namespace: eyelevel
    spec:
      replicas: 1
      selector:
        matchLabels:
          app: metrics
      template:
        metadata:
          annotations:
            config-hash: 16232500528221b7ff40944313441ed2f9590f21b1b73c55b8836d5d735755dc
          labels:
            app: metrics
        spec:
          affinity:
            nodeAffinity:
              requiredDuringSchedulingIgnoredDuringExecution:
                nodeSelectorTerms:
                  - matchExpressions:
                      - key: node
                        operator: In
                        values:
                          - eyelevel-gpu
                  - matchExpressions:
                      - key: eyelevel_node
                        operator: In
                        values:
                          - eyelevel-gpu
          containers:
            - env:
                - name: POD_NAMESPACE
                  valueFrom:
                    fieldRef:
                      fieldPath: metadata.namespace
                - name: TLS_CERT_FILE
                  value: /etc/ssl/tls/tls.crt
                - name: TLS_KEY_FILE
                  value: /etc/ssl/tls/tls.key
                - name: TLS_CA_FILE
                  value: /etc/ssl/tls/ca.crt
                - name: LISTEN_PORT
                  value: "8443"
              image: public.ecr.aws/c9r4x6y5/eyelevel/metrics:0.1.0
              imagePullPolicy: Always
              livenessProbe:
                httpGet:
                  path: /health
                  port: 8443
                  scheme: HTTPS
                initialDelaySeconds: 30
                periodSeconds: 30
              name: metrics
              ports:
                - containerPort: 8443
                  protocol: TCP
              readinessProbe:
                httpGet:
                  path: /health
                  port: 8443
                  scheme: HTTPS
                initialDelaySeconds: 10
                periodSeconds: 30
              resources:
                requests:
                  cpu: 50m
                  memory: 64Mi
              securityContext:
                allowPrivilegeEscalation: false
                capabilities:
                  drop:
                    - ALL
                runAsNonRoot: true
                seccompProfile:
                  type: RuntimeDefault
              volumeMounts:
                - mountPath: /home/golang/.cashbot/config.yaml
                  name: config-volume
                  subPath: config.yaml
                - mountPath: /etc/ssl/tls
                  name: tls-volume
                  readOnly: true
          imagePullSecrets:
            - name: ecr-public-pull
          initContainers:
            - command:
                - sh
                - -c
                - until nc -z cache.eyelevel.svc.cluster.local 6379; do echo waiting for cache; sleep 2; done
              image: public.ecr.aws/c9r4x6y5/eyelevel/busybox:1.0.0
              imagePullPolicy: Always
              name: wait-for-cache
            - command:
                - sh
                - -c
                - until nc -z db-ro.existing.com 3306; do echo waiting for database; sleep 2; done
              image: public.ecr.aws/c9r4x6y5/eyelevel/busybox:1.0.0
              imagePullPolicy: Always
              name: wait-for-database
          securityContext:
            runAsNonRoot: true
            seccompProfile:
              type: RuntimeDefault
          serviceAccountName: metrics
          tolerations:
            - effect: NoSchedule
              key: node
              value: eyelevel-gpu
            - effect: NoSchedule
              key: eyelevel_node
              value: eyelevel-gpu
          volumes:
            - configMap:
                name: config-yaml-map
              name: config-volume
            - name: tls-volume
              secret:
                secretName: metrics-tls
  5: |
    apiVersion: v1
    data: null
    kind: Secret
    metadata:
      labels:
        app: metrics
        appVersion: 0.1.0
        chart: groundx-0.1.0
        heritage: Helm
        version: 0.1.0
      name: metrics-tls
      namespace: eyelevel
    type: kubernetes.io/tls
  6: |
    apiVersion: apiregistration.k8s.io/v1
    kind: APIService
    metadata:
      labels:
        app: metrics
        appVersion: 0.1.0
        chart: groundx-0.1.0
        heritage: Helm
        version: 0.1.0
      name: v1beta1.external.metrics.k8s.io
    spec:
      group: external.metrics.k8s.io
      groupPriorityMinimum: 100
      insecureSkipTLSVerify: true
      service:
        name: metrics
        namespace: eyelevel
        port: 443
      version: v1beta1
      versionPriority: 100
  7: |
    apiVersion: v1
    kind: Service
    metadata:
      labels:
        app: metrics
      name: metrics
      namespace: eyelevel
    spec:
      ports:
        - port: 443
          protocol: TCP
          targetPort: 8443
      selector:
        app: metrics
      type: ClusterIP
'workspace-enabled: metrics':
  1: |
    apiVersion: v1
    kind: ServiceAccount
    metadata:
      labels:
        app: metrics
        appVersion: 0.1.0
        chart: groundx-0.1.0
        heritage: Helm
        version: 0.1.0
      name: metrics
      namespace: eyelevel
  2: |
    apiVersion: rbac.authorization.k8s.io/v1
    kind: Role
    metadata:
      labels:
        app: metrics
        appVersion: 0.1.0
        chart: groundx-0.1.0
        heritage: Helm
        version: 0.1.0
      name: metrics-reader
      namespace: eyelevel
    rules:
      - apiGroups:
          - apps
        resources:
          - deployments
        verbs:
          - get
          - list
          - watch
      - apiGroups:
          - ""
        resources:
          - pods
        verbs:
          - get
          - list
          - watch
  3: |
    apiVersion: rbac.authorization.k8s.io/v1
    kind: RoleBinding
    metadata:
      labels:
        app: metrics
        appVersion: 0.1.0
        chart: groundx-0.1.0
        heritage: Helm
        version: 0.1.0
      name: metrics-reader
      namespace: eyelevel
    roleRef:
      apiGroup: rbac.authorization.k8s.io
      kind: Role
      name: metrics-reader
    subjects:
      - kind: ServiceAccount
        name: metrics
        namespace: eyelevel
  4: |
    apiVersion: apps/v1
    kind: Deployment
    metadata:
      labels:
        app: metrics
        appVersion: 0.1.0
        chart: groundx-0.1.0
        heritage: Helm
        version: 0.1.0
      name: metrics
      namespace: eyelevel
    spec:
      replicas: 1
      selector:
        matchLabels:
          app: metrics
      template:
        metadata:
          annotations:
            config-hash: 01ba4719c80b6fe911b091a7c05124b64eeece964e09c058ef8f9805daca546b
          labels:
            app: metrics
        spec:
          affinity:
            nodeAffinity:
              requiredDuringSchedulingIgnoredDuringExecution:
                nodeSelectorTerms:
                  - matchExpressions:
                      - key: node
                        operator: In
                        values:
                          - eyelevel-cpu-only
                  - matchExpressions:
                      - key: eyelevel_node
                        operator: In
                        values:
                          - eyelevel-cpu-only
          containers:
            - env:
                - name: POD_NAMESPACE
                  valueFrom:
                    fieldRef:
                      fieldPath: metadata.namespace
                - name: TLS_CERT_FILE
                  value: /etc/ssl/tls/tls.crt
                - name: TLS_KEY_FILE
                  value: /etc/ssl/tls/tls.key
                - name: TLS_CA_FILE
                  value: /etc/ssl/tls/ca.crt
                - name: LISTEN_PORT
                  value: "8443"
              image: public.ecr.aws/c9r4x6y5/eyelevel/metrics:0.1.0
              imagePullPolicy: IfNotPresent
              livenessProbe:
                httpGet:
                  path: /health
                  port: 8443
                  scheme: HTTPS
                initialDelaySeconds: 30
                periodSeconds: 30
              name: metrics
              ports:
                - containerPort: 8443
                  protocol: TCP
              readinessProbe:
                httpGet:
                  path: /health
                  port: 8443
                  scheme: HTTPS
                initialDelaySeconds: 10
                periodSeconds: 30
              resources:
                requests:
                  cpu: 50m
                  memory: 64Mi
              securityContext:
                allowPrivilegeEscalation: false
                capabilities:
                  drop:
                    - ALL
                runAsGroup: 1001
                runAsNonRoot: true
                runAsUser: 1001
                seccompProfile:
                  type: RuntimeDefault
              volumeMounts:
                - mountPath: /home/golang/.cashbot/config.yaml
                  name: config-volume
                  subPath: config.yaml
                - mountPath: /etc/ssl/tls
                  name: tls-volume
                  readOnly: true
          initContainers:
            - command:
                - sh
                - -c
                - until nc -z cache.eyelevel.svc.cluster.local 6379; do echo waiting for cache; sleep 2; done
              image: public.ecr.aws/c9r4x6y5/eyelevel/busybox:1.0.0
              imagePullPolicy: IfNotPresent
              name: wait-for-cache
            - command:
                - sh
                - -c
                - until nc -z db-cluster-haproxy-replicas.eyelevel.svc.cluster.local 3306; do echo waiting for database; sleep 2; done
              image: public.ecr.aws/c9r4x6y5/eyelevel/busybox:1.0.0
              imagePullPolicy: IfNotPresent
              name: wait-for-database
          securityContext:
            fsGroup: 1001
            fsGroupChangePolicy: OnRootMismatch
            runAsGroup: 1001
            runAsNonRoot: true
            runAsUser: 1001
            seccompProfile:
              type: RuntimeDefault
          serviceAccountName: metrics
          tolerations:
            - effect: NoSchedule
              key: node
              value: eyelevel-cpu-only
            - effect: NoSchedule
              key: eyelevel_node
              value: eyelevel-cpu-only
          volumes:
            - configMap:
                name: config-yaml-map
              name: config-volume
            - name: tls-volume
              secret:
                secretName: metrics-tls
  5: |
    apiVersion: v1
    data: null
    kind: Secret
    metadata:
      labels:
        app: metrics
        appVersion: 0.1.0
        chart: groundx-0.1.0
        heritage: Helm
        version: 0.1.0
      name: metrics-tls
      namespace: eyelevel
    type: kubernetes.io/tls
  6: |
    apiVersion: apiregistration.k8s.io/v1
    kind: APIService
    metadata:
      labels:
        app: metrics
        appVersion: 0.1.0
        chart: groundx-0.1.0
        heritage: Helm
        version: 0.1.0
      name: v1beta1.external.metrics.k8s.io
    spec:
      group: external.metrics.k8s.io
      groupPriorityMinimum: 100
      insecureSkipTLSVerify: true
      service:
        name: metrics
        namespace: eyelevel
        port: 443
      version: v1beta1
      versionPriority: 100
  7: |
    apiVersion: v1
    kind: Service
    metadata:
      labels:
        app: metrics
      name: metrics
      namespace: eyelevel
    spec:
      ports:
        - port: 443
          protocol: TCP
          targetPort: 8443
      selector:
        app: metrics
      type: ClusterIP
